<html>
<body>
<pre>
<h1>µVision Build Log</h1>
<h2>Tool Versions:</h2>
IDE-Version: ¦ÌVision V5.41.0.0
Copyright (C) 2024 ARM Ltd and ARM Germany GmbH. All rights reserved.
License Information: az Administrator, az, LIC=----
 
Tool Versions:
Toolchain:       MDK-Lite  Version: 5.41.0.0
Toolchain Path:  C:\Users\Administrator\AppData\Local\Keil_v5\ARM\ARMCLANG\Bin
C Compiler:      ArmClang.exe V6.22
Assembler:       Armasm.exe V6.22
Linker/Locator:  ArmLink.exe V6.22
Library Manager: ArmAr.exe V6.22
Hex Converter:   FromElf.exe V6.22
CPU DLL:         SARMCM3.DLL V5.41.0.0
Dialog DLL:      DCM.DLL V1.17.5.0
Target DLL:      CMSIS_AGDI.dll V1.33.21.0
Dialog DLL:      TCM.DLL V1.56.4.0
 
<h2>Project:</h2>
E:\New Folder\TANK5_TEST\MDK-ARM\Boot\TANK5_TEST_Boot.uvprojx
Project File Date:  04/30/2025

<h2>Output:</h2>
*** Using Compiler 'V6.22', folder: 'C:\Users\Administrator\AppData\Local\Keil_v5\ARM\ARMCLANG\Bin'
Rebuild Project 'TANK5_TEST_Boot' - Target 'TANK5_TEST_Boot'
compiling gpio.c...
compiling car.c...
compiling stm32h7rsxx_hal_uart.c...
compiling stm32h7rsxx_hal_msp.c...
compiling main.c...
compiling stm32h7rsxx_it.c...
assembling startup_stm32h7r3xx.s...
compiling delay.c...
compiling ultrasonic.c...
compiling lcd1602.c...
compiling PWM.c...
compiling led.c...
compiling stm32h7rsxx_hal_cortex.c...
compiling system_stm32h7rsxx.c...
compiling tim.c...
compiling stm32h7rsxx_hal_pwr.c...
compiling stm32h7rsxx_hal_exti.c...
compiling stm32h7rsxx_hal_gpio.c...
compiling stm32h7rsxx_hal_flash.c...
compiling stm32h7rsxx_hal_pwr_ex.c...
compiling stm32h7rsxx_hal.c...
compiling stm32h7rsxx_hal_flash_ex.c...
compiling stm32h7rsxx_hal_dma.c...
compiling stm32h7rsxx_hal_tim_ex.c...
compiling stm32h7rsxx_hal_rcc.c...
compiling stm32h7rsxx_hal_rcc_ex.c...
compiling stm32h7rsxx_hal_dma_ex.c...
compiling stm32h7rsxx_hal_tim.c...
linking...
E:\New Folder\TANK5_TEST\MDK-ARM\Boot\stm32h7r3xx_flash.sct(18): warning: L6329W: Pattern *(HEAP) only matches removed unused sections.
Program Size: Code=8548 RO-data=736 RW-data=12 ZI-data=1256  
Finished: 0 information, 1 warning and 0 error messages.
FromELF: creating hex file...
"TANK5_TEST_Boot\TANK5_TEST_Boot.axf" - 0 Error(s), 1 Warning(s).

<h2>Software Packages used:</h2>

Package Vendor: ARM
                https://www.keil.com/pack/ARM.CMSIS.6.1.0.pack
                ARM::CMSIS@6.1.0
                CMSIS (Common Microcontroller Software Interface Standard)
   * Component: CORE Version: 6.1.0

Package Vendor: Keil
                https://www.keil.com/pack/Keil.STM32H7RSxx_DFP.1.0.1.pack
                Keil::STM32H7RSxx_DFP@1.0.1
                STMicroelectronics STM32H7RSxx Series Device Support

<h2>Collection of Component include folders:</h2>
  ./RTE/_TANK5_TEST_Boot
  C:/Users/Administrator/AppData/Local/Arm/Packs/ARM/CMSIS/6.1.0/CMSIS/Core/Include

<h2>Collection of Component Files used:</h2>

   * Component: ARM::CMSIS:CORE@6.1.0
      Include file:  CMSIS/Core/Include/tz_context.h
Build Time Elapsed:  00:00:02
</pre>
</body>
</html>
